---
source: hid-bpf-uclogic-test/src/lib.rs
expression: run_reports(&reports)
---
[
    Report([08, 80, 92, 16, 00, b6, 0c, 00, 00, 00, da, 00]),
    Report([08, 80, 0c, 0a, 00, 5a, 0d, 00, 00, 00, 2e, 00]),
    Report([08, 80, d1, 07, 00, aa, 10, 00, 00, 00, 00, 29]),
    Report([08, 00, 91, 0d, 00, 63, 08, 00, 00, 00, 00, d9]),
]
